// Vitest Snapshot v1, https://vitest.dev/guide/snapshot.html

exports[`matchUrl 1`] = `
[
  [
    "http://example.com",
    "http://example.com",
    undefined,
    undefined,
    undefined,
    undefined,
  ],
  [
    "https://example.com",
    "https://example.com",
    undefined,
    undefined,
    undefined,
    undefined,
  ],
  [
    "http://example.com",
    "http://example.com",
    undefined,
    undefined,
    undefined,
    undefined,
  ],
  [
    "localhost:8080",
    "localhost:8080",
    undefined,
    undefined,
    undefined,
    undefined,
  ],
  [
    "http://localhost:8080",
    "http://localhost:8080",
    undefined,
    undefined,
    undefined,
    undefined,
  ],
  [
    "example.com/foo/bar",
    "example.com/foo/bar",
    undefined,
    undefined,
    undefined,
    undefined,
  ],
  [
    "http://foo.com/blah_(wikipedia)#cite-1",
    "http://foo.com/blah_(wikipedia)#cite-1",
    undefined,
    undefined,
    undefined,
    undefined,
  ],
  [
    "http://foo.com/blah_(wikipedia)_blah#cite-1",
    "http://foo.com/blah_(wikipedia)_blah#cite-1",
    undefined,
    undefined,
    undefined,
    undefined,
  ],
  [
    "http://foo.com/unicode_(✪)_in_parens",
    "http://foo.com/unicode_(✪)_in_parens",
    undefined,
    undefined,
    undefined,
    undefined,
  ],
  [
    "http://foo.com/(something)?after=parens",
    "http://foo.com/(something)?after=parens",
    undefined,
    undefined,
    undefined,
    undefined,
  ],
  [
    "http://foo.com/blah_blah_(wikipedia)",
    "http://foo.com/blah_blah_(wikipedia)",
    undefined,
    undefined,
    "wikipedia",
    undefined,
  ],
  [
    "http://foo.com/blah_blah",
    "http://foo.com/blah_blah",
    undefined,
    undefined,
    undefined,
    undefined,
  ],
  [
    "http://foo.com/blah_blah/",
    "http://foo.com/blah_blah/",
    undefined,
    undefined,
    undefined,
    undefined,
  ],
  [
    "www.example.com",
    "www.example.com",
    undefined,
    undefined,
    undefined,
    undefined,
  ],
  [
    "WWW.EXAMPLE.COM",
    "WWW.EXAMPLE.COM",
    undefined,
    undefined,
    undefined,
    undefined,
  ],
  [
    "is.gd/foo/",
    "is.gd/foo/",
    undefined,
    undefined,
    undefined,
    undefined,
  ],
  [
    "http://example.com/something?with,commas,in,url",
    "http://example.com/something?with,commas,in,url",
    undefined,
    undefined,
    undefined,
    undefined,
  ],
  [
    "http://example.com/something?with,。,in,url",
    "http://example.com/something?with,。,in,url",
    undefined,
    undefined,
    undefined,
    undefined,
  ],
  [
    "http://example.com/something?with,【】,in,url",
    "http://example.com/something?with,【】,in,url",
    undefined,
    undefined,
    undefined,
    undefined,
  ],
  [
    "http://example.com/something?with,"",in,url",
    "http://example.com/something?with,"",in,url",
    undefined,
    undefined,
    undefined,
    undefined,
  ],
  [
    "http://example.com/something?within",
    "http://example.com/something?within",
    undefined,
    undefined,
    undefined,
    undefined,
  ],
  [
    "http://example.com/something?with「」inurl",
    "http://example.com/something?with「」inurl",
    undefined,
    undefined,
    undefined,
    undefined,
  ],
  [
    "mailto:gruber@daringfireball.net?subject=TEST",
    "mailto:gruber@daringfireball.net?subject=TEST",
    undefined,
    undefined,
    undefined,
    undefined,
  ],
]
`;
